// Jest Snapshot v1, https://goo.gl/fbAQLP

exports[`renders correctly with no pets 1`] = `
<div
  className="grid grid-cols-1 sm:grid-cols-2 lg:grid-cols-3 gap-4"
>
  <h2>
    No Pets Found!
  </h2>
</div>
`;

exports[`renders correctly with some pets 1`] = `
<div
  className="grid grid-cols-1 sm:grid-cols-2 lg:grid-cols-3 gap-4"
>
  <Pet
    animal="dog"
    breed="Havanese"
    id={1}
    images={
      Array [
        "http://pets-images.dev-apis.com/pets/dog25.jpg",
        "http://pets-images.dev-apis.com/pets/dog26.jpg",
        "http://pets-images.dev-apis.com/pets/dog27.jpg",
        "http://pets-images.dev-apis.com/pets/dog28.jpg",
        "http://pets-images.dev-apis.com/pets/dog29.jpg",
      ]
    }
    location="Seattle, WA"
    name="Luna"
  />
  <Pet
    animal="rabbit"
    breed="Havanese"
    id={2}
    images={
      Array [
        "http://pets-images.dev-apis.com/pets/rabbit0.jpg",
      ]
    }
    location="Lexington, KY"
    name="Charisse"
  />
  <Pet
    animal="rabbit"
    breed="Lab"
    id={3}
    images={
      Array [
        "http://pets-images.dev-apis.com/pets/rabbit1.jpg",
      ]
    }
    location="Dallas, TX"
    name="Maitilde"
  />
  <Pet
    animal="rabbit"
    breed="Lab"
    id={4}
    images={
      Array [
        "http://pets-images.dev-apis.com/pets/rabbit2.jpg",
      ]
    }
    location="Tampa, FL"
    name="Natalina"
  />
  <Pet
    animal="reptile"
    breed="Havanese"
    id={5}
    images={
      Array [
        "http://pets-images.dev-apis.com/pets/reptile1.jpg",
      ]
    }
    location="Tuscaloosa, AL"
    name="Michail"
  />
</div>
`;
